[2026-10-05 21:05:29] Agent started
[2026-10-05 21:05:29] Controller connected
[2026-10-05 21:05:45] Command: AUTH OPS-2489
[2026-10-05 21:05:51] Command: SYSINFO
[2026-10-05 21:05:57] Command: LISTPROC
[2026-10-05 21:06:05] Command: EXEC WHOAMI
[2026-10-05 21:06:12] Command: PUT testfile.txt 37
[2026-10-05 21:06:13] File uploaded: testfile.txt (37 bytes)
[2026-10-05 21:06:18] Command: GET testfile.txt
[2026-10-05 21:06:18] File downloaded: testfile.txt (37 bytes)
[2026-10-05 21:06:24] Command: QUIT
[2026-10-05 21:06:24] Controller ended session with QUIT
[2026-10-05 21:53:49] Agent started
[2026-10-05 21:53:54] Controller connected
[2026-10-05 21:54:01] Command: AUTH OPS-2489
[2026-10-05 21:54:08] Command: MONITOR START 9500
[2026-10-05 21:54:08] UDP monitoring started
[2026-10-05 21:55:27] Command: QUIT
[2026-10-05 21:55:27] Controller ended session with QUIT
[2026-10-05 21:55:52] Agent started
[2026-10-05 21:55:57] Controller connected
[2026-10-05 21:56:13] Command: AUTH OPS-2489
[2026-10-05 21:56:27] Command: MONITOR START 9500
[2026-10-05 21:56:27] UDP monitoring started
[2026-10-05 21:56:40] Command: QUIT
[2026-10-05 21:56:40] Controller ended session with QUIT
[2026-10-05 21:58:53] Agent started
[2026-10-05 21:58:57] Controller connected
[2026-10-05 21:59:04] Command: AUTH OPS-2489
[2026-10-05 21:59:09] Command: MONITOR START 9500
[2026-10-05 21:59:09] UDP monitoring started
[2026-10-05 21:59:20] Command: MONITOR STOP
[2026-10-05 21:59:20] UDP monitoring stopped
[2026-10-05 21:59:36] Command: QUIT
[2026-10-05 21:59:36] Controller ended session with QUIT
[2026-10-05 21:59:40] Agent started
[2026-10-05 21:59:43] Controller connected
[2026-10-05 21:59:50] Command: AUTH OPS-2489
[2026-10-05 21:59:55] Command: MONITOR START 9500
[2026-10-05 21:59:55] UDP monitoring started
[2026-10-05 22:00:02] Command: MONITOR STOP
[2026-10-05 22:00:02] UDP monitoring stopped
[2026-10-05 22:00:38] Command: QUIT
[2026-10-05 22:00:38] Controller ended session with QUIT
[2026-10-05 22:23:13] Concurrent Agent started
[2026-10-05 22:23:59] Concurrent Agent started
[2026-10-05 22:24:26] Controller connected
[2026-10-05 22:24:31] Controller connected
[2026-10-05 22:24:36] Controller connected
[2026-10-05 22:24:40] Controller connected
[2026-10-05 22:24:48] Command: AUTH OPS-2489
[2026-10-05 22:24:53] Command: AUTH OPS-2489
[2026-10-05 22:24:57] Command: AUTH OPS-2489
[2026-10-05 22:25:01] Command: AUTH OPS-2489
[2026-10-05 22:25:09] Command: SYSINFO
[2026-10-05 22:25:15] Command: EXEC WHOAMI
[2026-10-05 22:25:22] Command: EXEC HOSTNAME
[2026-10-05 22:25:28] Command: SYSINFO
[2026-10-05 22:26:04] Controller connected
[2026-10-05 22:26:17] Command: AUTH OPS-2489
[2026-10-05 22:26:24] Command: LISTPROC
[2026-10-05 22:27:12] Command: QUIT
[2026-10-05 22:27:12] Controller ended session with QUIT
[2026-10-05 22:27:18] Command: QUIT
[2026-10-05 22:27:18] Controller ended session with QUIT
[2026-10-05 22:27:25] Command: QUIT
[2026-10-05 22:27:25] Controller ended session with QUIT
[2026-10-05 22:27:31] Command: QUIT
[2026-10-05 22:27:31] Controller ended session with QUIT
[2026-10-05 22:27:38] Command: QUIT
[2026-10-05 22:27:38] Controller ended session with QUIT
[2026-10-05 22:41:20] Concurrent Agent started
[2026-10-05 22:41:24] Controller connected
[2026-10-05 22:41:32] Command: AUTH OPS-0000
[2026-10-05 22:41:39] Command: AUTH OPS-2489
[2026-10-05 22:41:45] Command: SYSINFO
[2026-10-05 22:41:51] Command: LISTPROC
[2026-10-05 22:41:57] Command: EXEC DATE
[2026-10-05 22:42:03] Command: EXEC UPTIME
[2026-10-05 22:42:08] Command: EXEC DISKFREE
[2026-10-05 22:42:14] Command: EXEC HOSTNAME
[2026-10-05 22:42:21] Command: EXEC WHOAMI
[2026-10-05 22:42:27] Command: EXEC REBOOT
[2026-10-05 22:42:34] Command: PUT testfile.txt 37
[2026-10-05 22:42:34] File uploaded: testfile.txt (37 bytes)
[2026-10-05 22:42:41] Command: GET testfile.txt
[2026-10-05 22:42:41] File downloaded: testfile.txt (37 bytes)
[2026-10-05 22:42:48] Command: GET missing.txt
[2026-10-05 22:42:53] Command: MONITOR START 9500
[2026-10-05 22:42:53] UDP monitoring started
[2026-10-05 22:43:02] Command: MONITOR STOP
[2026-10-05 22:43:02] UDP monitoring stopped
[2026-10-05 22:43:07] Command: QUIT
[2026-10-05 22:43:07] Controller ended session with QUIT
